Device: cuda

[NIDS] Dataset preprocessing summary
  dataset: cicids2017
  task: binary
  label_column: Label
  split_source: explicit_train_test
  dropped_columns_train: ['Label']
  train shape: (2264594, 77)
  test shape: (566149, 77)
  label_map: {'0': 0, '1': 1}

Dataset: cicids2017
 input_channels/input_dim: 77
 image_size: 1
 num_classes: 2
 train size: 2264594
 test size: 566149

True groups (ground-truth for evaluation only):
 G0: [1, 0]
 G1: [1, 0]
 requested num_true_clusters: 2
 actual_true_clusters: 2

Client data split example (client 0):
 train: 1600 samples
 val: 400 samples
 test: 500 samples

Created 20 FL clients

=======================================================
 Phase 0: Initialization
=======================================================
  Global model initialized
  Total rounds: 50
  Warm-up rounds: 5
  Cluster interval tau: 5
  Probe pool M: 16, sigma: 0.05
  Probes: 1 original + 2 class-ablation + 13 random
  Probe anchor: ema_global
  Anchor EMA beta: 0.9
  Profile during training rounds: False

=======================================================
 Phase 1: Warm-up Global FedAvg
=======================================================
  [Warmup] Round 1/5 done (selected 10 clients)
  [Eval:Warmup R1] ACC=0.8974 | Precision=0.8974 | Recall=1.0000 | F1=0.9459 | GlobalMacroF1=0.4730
  [Warmup] Round 2/5 done (selected 10 clients)
  [Eval:Warmup R2] ACC=0.9366 | Precision=0.9346 | Recall=0.9992 | F1=0.9659 | GlobalMacroF1=0.7616
  [Warmup] Round 3/5 done (selected 10 clients)
  [Eval:Warmup R3] ACC=0.9411 | Precision=0.9389 | Recall=0.9994 | F1=0.9682 | GlobalMacroF1=0.7842
  [Warmup] Round 4/5 done (selected 10 clients)
  [Eval:Warmup R4] ACC=0.9513 | Precision=0.9490 | Recall=0.9994 | F1=0.9736 | GlobalMacroF1=0.8322
  [Warmup] Round 5/5 done (selected 10 clients)
  [Eval:Warmup R5] ACC=0.9521 | Precision=0.9494 | Recall=0.9999 | F1=0.9740 | GlobalMacroF1=0.8349

=======================================================
 Transition: First DPMM Clustering
=======================================================
  [Server] Full profiling for 20 clients (probe_seed=9142) ...
    profiled 20/20

  [Diagnostics] Profile matrix shape: (20, 16)
  [Diagnostics] Per-dimension stats (across clients):
    mean:  [ 0.176 11.591 85.238  0.166  0.192] ...
    std:   [ 0.193 12.958 12.468  0.168  0.211] ...
    range: [ 0.478 30.081 29.01   0.427  0.523] ...
  [Diagnostics] Avg inter-client std (across dims): 1.7759
  [Diagnostics] Avg intra-client std (across probes): 20.9022
  Profile diversity looks reasonable
  [Server] K = 2
    cluster 0: 12 clients [G0:2, G1:10]
    cluster 1: 8 clients [G0:8]
  [Server] Initialized 2 group models from global model
  [Server] Anchor model initialized from warm-up global model

=======================================================
 Phase 2: Clustered FedAvg with Dynamic Re-clustering
=======================================================
  [Clustered] Round 6/50 done (selected 10 clients)
  [Eval:R6] K=2 | ACC=0.9732 | Precision=0.9793 | Recall=0.9911 | F1=0.9852 | GlobalMacroF1=0.9236 | ClientAvgMacroF1=0.9247 | ARI=0.6208 | NMI=0.6190 | Purity=0.9000
  [Clustered] Round 10/50 done (selected 10 clients)
  [Eval:R10] K=2 | ACC=0.9779 | Precision=0.9817 | Recall=0.9939 | F1=0.9878 | GlobalMacroF1=0.9370 | ClientAvgMacroF1=0.9314 | ARI=0.6208 | NMI=0.6190 | Purity=0.9000

  [Server] Re-clustering at round 11 ...
  [Server] Profiling base: ema_global anchor model
  [Server] Full profiling for 20 clients (probe_seed=9152) ...
    profiled 20/20

  [Diagnostics] Profile matrix shape: (20, 16)
  [Diagnostics] Per-dimension stats (across clients):
    mean:  [ 0.163 11.572 85.105  0.162  0.159] ...
    std:   [ 0.178 12.936 12.451  0.165  0.164] ...
    range: [ 0.446 30.019 28.978  0.429  0.4  ] ...
  [Diagnostics] Avg inter-client std (across dims): 1.7523
  [Diagnostics] Avg intra-client std (across probes): 20.8753
  Profile diversity looks reasonable
  [Server] K = 2
    cluster 0: 12 clients [G0:2, G1:10]
    cluster 1: 8 clients [G0:8]
  [Server] Matched and inherited 2 group models after re-clustering
  [Clustered] Round 15/50 done (selected 10 clients)
  [Eval:R15] K=2 | ACC=0.9810 | Precision=0.9833 | Recall=0.9958 | F1=0.9895 | GlobalMacroF1=0.9457 | ClientAvgMacroF1=0.9608 | ARI=0.6208 | NMI=0.6190 | Purity=0.9000

  [Server] Re-clustering at round 16 ...
  [Server] Profiling base: ema_global anchor model
  [Server] Full profiling for 20 clients (probe_seed=9157) ...
    profiled 20/20

  [Diagnostics] Profile matrix shape: (20, 16)
  [Diagnostics] Per-dimension stats (across clients):
    mean:  [ 0.153 11.548 84.763  0.196  0.189] ...
    std:   [ 0.168 12.909 12.404  0.22   0.209] ...
    range: [ 0.426 29.945 28.886  0.554  0.522] ...
  [Diagnostics] Avg inter-client std (across dims): 1.7433
  [Diagnostics] Avg intra-client std (across probes): 20.7943
  Profile diversity looks reasonable
  [Server] K = 2
    cluster 0: 12 clients [G0:2, G1:10]
    cluster 1: 8 clients [G0:8]
  [Server] Matched and inherited 2 group models after re-clustering
  [Clustered] Round 20/50 done (selected 10 clients)
  [Eval:R20] K=2 | ACC=0.9806 | Precision=0.9841 | Recall=0.9944 | F1=0.9892 | GlobalMacroF1=0.9451 | ClientAvgMacroF1=0.9591 | ARI=0.6208 | NMI=0.6190 | Purity=0.9000

  [Server] Re-clustering at round 21 ...
  [Server] Profiling base: ema_global anchor model
  [Server] Full profiling for 20 clients (probe_seed=9162) ...
    profiled 20/20

  [Diagnostics] Profile matrix shape: (20, 16)
  [Diagnostics] Per-dimension stats (across clients):
    mean:  [ 0.153 11.533 84.373  0.177  0.169] ...
    std:   [ 0.171 12.893 12.351  0.197  0.185] ...
    range: [ 0.434 29.9   28.774  0.48   0.458] ...
  [Diagnostics] Avg inter-client std (across dims): 1.7413
  [Diagnostics] Avg intra-client std (across probes): 20.7013
  Profile diversity looks reasonable
  [Server] K = 2
    cluster 0: 12 clients [G0:2, G1:10]
    cluster 1: 8 clients [G0:8]
  [Server] Matched and inherited 2 group models after re-clustering
  [Clustered] Round 25/50 done (selected 10 clients)
  [Eval:R25] K=2 | ACC=0.9818 | Precision=0.9840 | Recall=0.9959 | F1=0.9899 | GlobalMacroF1=0.9481 | ClientAvgMacroF1=0.9616 | ARI=0.6208 | NMI=0.6190 | Purity=0.9000

  [Server] Re-clustering at round 26 ...
  [Server] Profiling base: ema_global anchor model
  [Server] Full profiling for 20 clients (probe_seed=9167) ...
    profiled 20/20

  [Diagnostics] Profile matrix shape: (20, 16)
  [Diagnostics] Per-dimension stats (across clients):
    mean:  [ 0.145 11.513 84.115  0.166  0.162] ...
    std:   [ 0.162 12.871 12.317  0.179  0.178] ...
    range: [ 0.414 29.84  28.707  0.469  0.451] ...
  [Diagnostics] Avg inter-client std (across dims): 1.7201
  [Diagnostics] Avg intra-client std (across probes): 20.6440
  Profile diversity looks reasonable
  [Server] K = 2
    cluster 0: 12 clients [G0:2, G1:10]
    cluster 1: 8 clients [G0:8]
  [Server] Matched and inherited 2 group models after re-clustering
  [Clustered] Round 30/50 done (selected 10 clients)
  [Eval:R30] K=2 | ACC=0.9820 | Precision=0.9869 | Recall=0.9931 | F1=0.9900 | GlobalMacroF1=0.9499 | ClientAvgMacroF1=0.9629 | ARI=0.6208 | NMI=0.6190 | Purity=0.9000

  [Server] Re-clustering at round 31 ...
  [Server] Profiling base: ema_global anchor model
  [Server] Full profiling for 20 clients (probe_seed=9172) ...
    profiled 20/20

  [Diagnostics] Profile matrix shape: (20, 16)
  [Diagnostics] Per-dimension stats (across clients):
    mean:  [ 0.14  11.498 83.894  0.15   0.162] ...
    std:   [ 0.158 12.854 12.287  0.166  0.181] ...
    range: [ 0.402 29.795 28.652  0.428  0.465] ...
  [Diagnostics] Avg inter-client std (across dims): 1.7122
  [Diagnostics] Avg intra-client std (across probes): 20.5920
  Profile diversity looks reasonable
  [Server] K = 2
    cluster 0: 8 clients [G0:8]
    cluster 1: 12 clients [G0:2, G1:10]
  [Server] Matched and inherited 2 group models after re-clustering
  [Clustered] Round 35/50 done (selected 10 clients)
  [Eval:R35] K=2 | ACC=0.9822 | Precision=0.9844 | Recall=0.9960 | F1=0.9901 | GlobalMacroF1=0.9493 | ClientAvgMacroF1=0.9622 | ARI=0.6208 | NMI=0.6190 | Purity=0.9000

  [Server] Re-clustering at round 36 ...
  [Server] Profiling base: ema_global anchor model
  [Server] Full profiling for 20 clients (probe_seed=9177) ...
    profiled 20/20

  [Diagnostics] Profile matrix shape: (20, 16)
  [Diagnostics] Per-dimension stats (across clients):
    mean:  [ 0.137 11.482 83.661  0.149  0.167] ...
    std:   [ 0.154 12.836 12.256  0.16   0.188] ...
    range: [ 0.393 29.752 28.592  0.424  0.498] ...
  [Diagnostics] Avg inter-client std (across dims): 1.7038
  [Diagnostics] Avg intra-client std (across probes): 20.5375
  Profile diversity looks reasonable
  [Server] K = 2
    cluster 0: 8 clients [G0:8]
    cluster 1: 12 clients [G0:2, G1:10]
  [Server] Matched and inherited 2 group models after re-clustering
  [Clustered] Round 40/50 done (selected 10 clients)
  [Eval:R40] K=2 | ACC=0.9810 | Precision=0.9846 | Recall=0.9944 | F1=0.9895 | GlobalMacroF1=0.9463 | ClientAvgMacroF1=0.9615 | ARI=0.6208 | NMI=0.6190 | Purity=0.9000

  [Server] Re-clustering at round 41 ...
  [Server] Profiling base: ema_global anchor model
  [Server] Full profiling for 20 clients (probe_seed=9182) ...
    profiled 20/20

  [Diagnostics] Profile matrix shape: (20, 16)
  [Diagnostics] Per-dimension stats (across clients):
    mean:  [ 0.13  11.466 83.505  0.156  0.137] ...
    std:   [ 0.147 12.818 12.235  0.175  0.15 ] ...
    range: [ 0.377 29.708 28.558  0.463  0.383] ...
  [Diagnostics] Avg inter-client std (across dims): 1.7072
  [Diagnostics] Avg intra-client std (across probes): 20.4988
  Profile diversity looks reasonable
  [Server] K = 2
    cluster 0: 12 clients [G0:2, G1:10]
    cluster 1: 8 clients [G0:8]
  [Server] Matched and inherited 2 group models after re-clustering
  [Clustered] Round 45/50 done (selected 10 clients)
  [Eval:R45] K=2 | ACC=0.9845 | Precision=0.9878 | Recall=0.9950 | F1=0.9914 | GlobalMacroF1=0.9567 | ClientAvgMacroF1=0.9666 | ARI=0.6208 | NMI=0.6190 | Purity=0.9000

  [Server] Re-clustering at round 46 ...
  [Server] Profiling base: ema_global anchor model
  [Server] Full profiling for 20 clients (probe_seed=9187) ...
    profiled 20/20

  [Diagnostics] Profile matrix shape: (20, 16)
  [Diagnostics] Per-dimension stats (across clients):
    mean:  [ 0.125 11.451 83.391  0.149  0.162] ...
    std:   [ 0.141 12.802 12.221  0.166  0.184] ...
    range: [ 0.362 29.669 28.537  0.417  0.477] ...
  [Diagnostics] Avg inter-client std (across dims): 1.7038
  [Diagnostics] Avg intra-client std (across probes): 20.4709
  Profile diversity looks reasonable
  [Server] K = 2
    cluster 0: 12 clients [G0:2, G1:10]
    cluster 1: 8 clients [G0:8]
  [Server] Matched and inherited 2 group models after re-clustering
  [Clustered] Round 50/50 done (selected 10 clients)
  [Eval:R50] K=2 | ACC=0.9828 | Precision=0.9862 | Recall=0.9948 | F1=0.9905 | GlobalMacroF1=0.9517 | ClientAvgMacroF1=0.9659 | ARI=0.6208 | NMI=0.6190 | Purity=0.9000

=======================================================
 Evaluation
=======================================================

=======================================================
 Final Results
=======================================================
 k_pred: 2
 acc: 0.9828
 precision: 0.9861908970393283
 recall: 0.9947626476487631
 f1: 0.9904582270054366
 tn: 901
 fp: 125
 fn: 47
 tp: 8927
 client_avg_acc: 0.9827999999999999
 micro_acc: 0.9828
 client_avg_macro_f1: 0.9658925546632882
 global_macro_f1: 0.9516627507874194
 client_avg_precision: 0.9846004993966476
 client_avg_recall: 0.9938259584382131
 client_avg_f1: 0.9891414787842399
 ari: 0.6208425720620843
 nmi: 0.6189770040174566
 purity: 0.9

Saved -> outputs/paper_cicids_binary/cares_seed42.csv
