Device: cuda

[NIDS] Dataset preprocessing summary
  dataset: cicids2017
  task: binary
  label_column: Label
  split_source: explicit_train_test
  dropped_columns_train: ['Label']
  train shape: (2264594, 77)
  test shape: (566149, 77)
  label_map: {'0': 0, '1': 1}

Dataset: cicids2017
 input_channels/input_dim: 77
 image_size: 1
 num_classes: 2
 train size: 2264594
 test size: 566149

True groups (ground-truth for evaluation only):
 G0: [1, 0]
 G1: [1, 0]
 requested num_true_clusters: 2
 actual_true_clusters: 2

Client data split example (client 0):
 train: 1600 samples
 val: 400 samples
 test: 500 samples

Created 20 FL clients

=======================================================
 Phase 0: Initialization
=======================================================
  Global model initialized
  Total rounds: 50
  Warm-up rounds: 50
  Cluster interval tau: 999999
  Probe pool M: 16, sigma: 0.05
  Probes: 1 original + 2 class-ablation + 13 random
  Probe anchor: ema_global
  Anchor EMA beta: 0.9
  Profile during training rounds: False

=======================================================
 Phase 1: Warm-up Global FedAvg
=======================================================
  [Warmup] Round 1/50 done (selected 10 clients)
  [Eval:Warmup R1] ACC=0.8974 | Precision=0.8974 | Recall=1.0000 | F1=0.9459 | GlobalMacroF1=0.4730
  [Warmup] Round 2/50 done (selected 10 clients)
  [Eval:Warmup R2] ACC=0.9366 | Precision=0.9346 | Recall=0.9992 | F1=0.9659 | GlobalMacroF1=0.7616
  [Warmup] Round 3/50 done (selected 10 clients)
  [Eval:Warmup R3] ACC=0.9411 | Precision=0.9389 | Recall=0.9994 | F1=0.9682 | GlobalMacroF1=0.7842
  [Warmup] Round 4/50 done (selected 10 clients)
  [Eval:Warmup R4] ACC=0.9513 | Precision=0.9490 | Recall=0.9994 | F1=0.9736 | GlobalMacroF1=0.8322
  [Warmup] Round 5/50 done (selected 10 clients)
  [Eval:Warmup R5] ACC=0.9521 | Precision=0.9494 | Recall=0.9999 | F1=0.9740 | GlobalMacroF1=0.8349
  [Warmup] Round 6/50 done (selected 10 clients)
  [Eval:Warmup R6] ACC=0.9543 | Precision=0.9519 | Recall=0.9996 | F1=0.9752 | GlobalMacroF1=0.8450
  [Warmup] Round 7/50 done (selected 10 clients)
  [Eval:Warmup R7] ACC=0.9549 | Precision=0.9526 | Recall=0.9994 | F1=0.9755 | GlobalMacroF1=0.8478
  [Warmup] Round 8/50 done (selected 10 clients)
  [Eval:Warmup R8] ACC=0.9566 | Precision=0.9544 | Recall=0.9993 | F1=0.9764 | GlobalMacroF1=0.8551
  [Warmup] Round 9/50 done (selected 10 clients)
  [Eval:Warmup R9] ACC=0.9580 | Precision=0.9561 | Recall=0.9991 | F1=0.9771 | GlobalMacroF1=0.8611
  [Warmup] Round 10/50 done (selected 10 clients)
  [Eval:Warmup R10] ACC=0.9639 | Precision=0.9670 | Recall=0.9936 | F1=0.9802 | GlobalMacroF1=0.8901
  [Warmup] Round 11/50 done (selected 10 clients)
  [Eval:Warmup R11] ACC=0.9622 | Precision=0.9605 | Recall=0.9990 | F1=0.9794 | GlobalMacroF1=0.8780
  [Warmup] Round 12/50 done (selected 10 clients)
  [Eval:Warmup R12] ACC=0.9594 | Precision=0.9573 | Recall=0.9993 | F1=0.9779 | GlobalMacroF1=0.8665
  [Warmup] Round 13/50 done (selected 10 clients)
  [Eval:Warmup R13] ACC=0.9671 | Precision=0.9677 | Recall=0.9967 | F1=0.9819 | GlobalMacroF1=0.8987
  [Warmup] Round 14/50 done (selected 10 clients)
  [Eval:Warmup R14] ACC=0.9630 | Precision=0.9611 | Recall=0.9992 | F1=0.9798 | GlobalMacroF1=0.8808
  [Warmup] Round 15/50 done (selected 10 clients)
  [Eval:Warmup R15] ACC=0.9679 | Precision=0.9673 | Recall=0.9980 | F1=0.9824 | GlobalMacroF1=0.9004
  [Warmup] Round 16/50 done (selected 10 clients)
  [Eval:Warmup R16] ACC=0.9655 | Precision=0.9642 | Recall=0.9987 | F1=0.9811 | GlobalMacroF1=0.8909
  [Warmup] Round 17/50 done (selected 10 clients)
  [Eval:Warmup R17] ACC=0.9626 | Precision=0.9607 | Recall=0.9992 | F1=0.9796 | GlobalMacroF1=0.8793
  [Warmup] Round 18/50 done (selected 10 clients)
  [Eval:Warmup R18] ACC=0.9649 | Precision=0.9632 | Recall=0.9991 | F1=0.9808 | GlobalMacroF1=0.8882
  [Warmup] Round 19/50 done (selected 10 clients)
  [Eval:Warmup R19] ACC=0.9723 | Precision=0.9779 | Recall=0.9915 | F1=0.9847 | GlobalMacroF1=0.9205
  [Warmup] Round 20/50 done (selected 10 clients)
  [Eval:Warmup R20] ACC=0.9651 | Precision=0.9634 | Recall=0.9991 | F1=0.9809 | GlobalMacroF1=0.8889
  [Warmup] Round 21/50 done (selected 10 clients)
  [Eval:Warmup R21] ACC=0.9670 | Precision=0.9654 | Recall=0.9990 | F1=0.9819 | GlobalMacroF1=0.8961
  [Warmup] Round 22/50 done (selected 10 clients)
  [Eval:Warmup R22] ACC=0.9673 | Precision=0.9658 | Recall=0.9989 | F1=0.9821 | GlobalMacroF1=0.8973
  [Warmup] Round 23/50 done (selected 10 clients)
  [Eval:Warmup R23] ACC=0.9647 | Precision=0.9625 | Recall=0.9996 | F1=0.9807 | GlobalMacroF1=0.8870
  [Warmup] Round 24/50 done (selected 10 clients)
  [Eval:Warmup R24] ACC=0.9722 | Precision=0.9771 | Recall=0.9923 | F1=0.9846 | GlobalMacroF1=0.9196
  [Warmup] Round 25/50 done (selected 10 clients)
  [Eval:Warmup R25] ACC=0.9680 | Precision=0.9665 | Recall=0.9990 | F1=0.9825 | GlobalMacroF1=0.8998
  [Warmup] Round 26/50 done (selected 10 clients)
  [Eval:Warmup R26] ACC=0.9676 | Precision=0.9660 | Recall=0.9991 | F1=0.9823 | GlobalMacroF1=0.8982
  [Warmup] Round 27/50 done (selected 10 clients)
  [Eval:Warmup R27] ACC=0.9669 | Precision=0.9651 | Recall=0.9992 | F1=0.9819 | GlobalMacroF1=0.8955
  [Warmup] Round 28/50 done (selected 10 clients)
  [Eval:Warmup R28] ACC=0.9692 | Precision=0.9726 | Recall=0.9936 | F1=0.9830 | GlobalMacroF1=0.9086
  [Warmup] Round 29/50 done (selected 10 clients)
  [Eval:Warmup R29] ACC=0.9659 | Precision=0.9641 | Recall=0.9992 | F1=0.9813 | GlobalMacroF1=0.8918
  [Warmup] Round 30/50 done (selected 10 clients)
  [Eval:Warmup R30] ACC=0.9686 | Precision=0.9668 | Recall=0.9993 | F1=0.9828 | GlobalMacroF1=0.9017
  [Warmup] Round 31/50 done (selected 10 clients)
  [Eval:Warmup R31] ACC=0.9693 | Precision=0.9684 | Recall=0.9983 | F1=0.9832 | GlobalMacroF1=0.9051
  [Warmup] Round 32/50 done (selected 10 clients)
  [Eval:Warmup R32] ACC=0.9682 | Precision=0.9662 | Recall=0.9996 | F1=0.9826 | GlobalMacroF1=0.9000
  [Warmup] Round 33/50 done (selected 10 clients)
  [Eval:Warmup R33] ACC=0.9703 | Precision=0.9700 | Recall=0.9978 | F1=0.9837 | GlobalMacroF1=0.9091
  [Warmup] Round 34/50 done (selected 10 clients)
  [Eval:Warmup R34] ACC=0.9696 | Precision=0.9678 | Recall=0.9993 | F1=0.9833 | GlobalMacroF1=0.9053
  [Warmup] Round 35/50 done (selected 10 clients)
  [Eval:Warmup R35] ACC=0.9691 | Precision=0.9671 | Recall=0.9996 | F1=0.9831 | GlobalMacroF1=0.9033
  [Warmup] Round 36/50 done (selected 10 clients)
  [Eval:Warmup R36] ACC=0.9688 | Precision=0.9668 | Recall=0.9996 | F1=0.9829 | GlobalMacroF1=0.9022
  [Warmup] Round 37/50 done (selected 10 clients)
  [Eval:Warmup R37] ACC=0.9705 | Precision=0.9697 | Recall=0.9983 | F1=0.9838 | GlobalMacroF1=0.9094
  [Warmup] Round 38/50 done (selected 10 clients)
  [Eval:Warmup R38] ACC=0.9693 | Precision=0.9673 | Recall=0.9996 | F1=0.9832 | GlobalMacroF1=0.9040
  [Warmup] Round 39/50 done (selected 10 clients)
  [Eval:Warmup R39] ACC=0.9689 | Precision=0.9669 | Recall=0.9996 | F1=0.9830 | GlobalMacroF1=0.9026
  [Warmup] Round 40/50 done (selected 10 clients)
  [Eval:Warmup R40] ACC=0.9679 | Precision=0.9656 | Recall=0.9999 | F1=0.9824 | GlobalMacroF1=0.8986
  [Warmup] Round 41/50 done (selected 10 clients)
  [Eval:Warmup R41] ACC=0.9695 | Precision=0.9675 | Recall=0.9996 | F1=0.9833 | GlobalMacroF1=0.9047
  [Warmup] Round 42/50 done (selected 10 clients)
  [Eval:Warmup R42] ACC=0.9692 | Precision=0.9672 | Recall=0.9996 | F1=0.9831 | GlobalMacroF1=0.9037
  [Warmup] Round 43/50 done (selected 10 clients)
  [Eval:Warmup R43] ACC=0.9725 | Precision=0.9748 | Recall=0.9951 | F1=0.9848 | GlobalMacroF1=0.9187
  [Warmup] Round 44/50 done (selected 10 clients)
  [Eval:Warmup R44] ACC=0.9694 | Precision=0.9676 | Recall=0.9993 | F1=0.9832 | GlobalMacroF1=0.9046
  [Warmup] Round 45/50 done (selected 10 clients)
  [Eval:Warmup R45] ACC=0.9736 | Precision=0.9795 | Recall=0.9913 | F1=0.9854 | GlobalMacroF1=0.9248
  [Warmup] Round 46/50 done (selected 10 clients)
  [Eval:Warmup R46] ACC=0.9699 | Precision=0.9680 | Recall=0.9996 | F1=0.9835 | GlobalMacroF1=0.9062
  [Warmup] Round 47/50 done (selected 10 clients)
  [Eval:Warmup R47] ACC=0.9701 | Precision=0.9682 | Recall=0.9996 | F1=0.9836 | GlobalMacroF1=0.9069
  [Warmup] Round 48/50 done (selected 10 clients)
  [Eval:Warmup R48] ACC=0.9710 | Precision=0.9692 | Recall=0.9994 | F1=0.9841 | GlobalMacroF1=0.9102
  [Warmup] Round 49/50 done (selected 10 clients)
  [Eval:Warmup R49] ACC=0.9713 | Precision=0.9703 | Recall=0.9986 | F1=0.9842 | GlobalMacroF1=0.9120
  [Warmup] Round 50/50 done (selected 10 clients)
  [Eval:Warmup R50] ACC=0.9697 | Precision=0.9678 | Recall=0.9994 | F1=0.9834 | GlobalMacroF1=0.9056

=======================================================
 Transition: First DPMM Clustering
=======================================================
  [Server] Full profiling for 20 clients (probe_seed=9142) ...
    profiled 20/20

  [Diagnostics] Profile matrix shape: (20, 16)
  [Diagnostics] Per-dimension stats (across clients):
    mean:  [ 0.095 11.356 82.961  0.089  0.092] ...
    std:   [ 0.105 12.695 12.168  0.072  0.091] ...
    range: [ 0.273 29.372 28.388  0.209  0.251] ...
  [Diagnostics] Avg inter-client std (across dims): 1.6477
  [Diagnostics] Avg intra-client std (across probes): 20.3744
  Profile diversity looks reasonable
  [Server] K = 2
    cluster 0: 12 clients [G0:2, G1:10]
    cluster 1: 8 clients [G0:8]
  [Server] Initialized 2 group models from global model
  [Server] Anchor model initialized from warm-up global model

=======================================================
 Phase 2: Clustered FedAvg with Dynamic Re-clustering
=======================================================

=======================================================
 Evaluation
=======================================================

=======================================================
 Final Results
=======================================================
 k_pred: 2
 acc: 0.9697
 precision: 0.9678428833495198
 recall: 0.9994428348562514
 f1: 0.9833890685817663
 tn: 728
 fp: 298
 fn: 5
 tp: 8969
 client_avg_acc: 0.9697000000000001
 micro_acc: 0.9697
 client_avg_macro_f1: 0.8728342431890447
 global_macro_f1: 0.9055660521987854
 client_avg_precision: 0.9644203366875072
 client_avg_recall: 0.9994535109657561
 client_avg_f1: 0.9811814661924417
 ari: 0.6208425720620843
 nmi: 0.6189770040174566
 purity: 0.9

Saved -> outputs/baselines_cicids_binary/fedavg_seed42.csv
