Device: cuda

[NIDS] Dataset preprocessing summary
  dataset: cicids2017
  task: binary
  label_column: Label
  split_source: explicit_train_test
  dropped_columns_train: ['Label']
  train shape: (2264594, 77)
  test shape: (566149, 77)
  label_map: {'0': 0, '1': 1}

Dataset: cicids2017
 input_channels/input_dim: 77
 image_size: 1
 num_classes: 2
 train size: 2264594
 test size: 566149

True groups (ground-truth for evaluation only):
 G0: [1, 0]
 G1: [1, 0]
 requested num_true_clusters: 2
 actual_true_clusters: 2

Client data split example (client 0):
 train: 1600 samples
 val: 400 samples
 test: 500 samples

Created 20 FL clients

=======================================================
 Phase 0: Initialization
=======================================================
  Global model initialized
  Total rounds: 50
  Warm-up rounds: 5
  Cluster interval tau: 5
  Probe pool M: 16, sigma: 0.05
  Probes: 1 original + 2 class-ablation + 13 random
  Probe anchor: ema_global
  Anchor EMA beta: 0.9
  Profile during training rounds: False

=======================================================
 Phase 1: Warm-up Global FedAvg
=======================================================
  [Warmup] Round 1/5 done (selected 10 clients)
  [Eval:Warmup R1] ACC=0.8974 | Precision=0.8974 | Recall=1.0000 | F1=0.9459 | GlobalMacroF1=0.4730
  [Warmup] Round 2/5 done (selected 10 clients)
  [Eval:Warmup R2] ACC=0.8974 | Precision=0.8974 | Recall=1.0000 | F1=0.9459 | GlobalMacroF1=0.4730
  [Warmup] Round 3/5 done (selected 10 clients)
  [Eval:Warmup R3] ACC=0.9038 | Precision=0.9032 | Recall=1.0000 | F1=0.9491 | GlobalMacroF1=0.5333
  [Warmup] Round 4/5 done (selected 10 clients)
  [Eval:Warmup R4] ACC=0.9303 | Precision=0.9283 | Recall=0.9996 | F1=0.9626 | GlobalMacroF1=0.7256
  [Warmup] Round 5/5 done (selected 10 clients)
  [Eval:Warmup R5] ACC=0.9395 | Precision=0.9373 | Recall=0.9994 | F1=0.9674 | GlobalMacroF1=0.7761

=======================================================
 Transition: First DPMM Clustering
=======================================================
  [Server] Full profiling for 20 clients (probe_seed=9142) ...
    profiled 20/20

  [Diagnostics] Profile matrix shape: (20, 16)
  [Diagnostics] Per-dimension stats (across clients):
    mean:  [ 0.2   11.631 86.02   0.194  0.224] ...
    std:   [ 0.212 13.002 12.578  0.186  0.24 ] ...
    range: [ 0.501 30.19  29.235  0.482  0.604] ...
  [Diagnostics] Avg inter-client std (across dims): 1.8009
  [Diagnostics] Avg intra-client std (across probes): 21.0831
  Profile diversity looks reasonable
  [Server] K = 2
    cluster 0: 8 clients [G0:8]
    cluster 1: 12 clients [G0:2, G1:10]
  [Server] Initialized 2 group models from global model
  [Server] Anchor model initialized from warm-up global model

=======================================================
 Phase 2: Clustered FedAvg with Dynamic Re-clustering
=======================================================
  [Clustered] Round 6/50 done (selected 10 clients)
  [Eval:R6] K=2 | ACC=0.9667 | Precision=0.9706 | Recall=0.9930 | F1=0.9817 | GlobalMacroF1=0.9006 | ClientAvgMacroF1=0.6846 | ARI=0.6208 | NMI=0.6190 | Purity=0.9000
  [Clustered] Round 10/50 done (selected 10 clients)
  [Eval:R10] K=2 | ACC=0.9739 | Precision=0.9783 | Recall=0.9930 | F1=0.9856 | GlobalMacroF1=0.9247 | ClientAvgMacroF1=0.6970 | ARI=0.6208 | NMI=0.6190 | Purity=0.9000

  [Server] Re-clustering at round 11 ...
  [Server] Profiling base: ema_global anchor model
  [Server] Full profiling for 20 clients (probe_seed=9152) ...
    profiled 20/20

  [Diagnostics] Profile matrix shape: (20, 16)
  [Diagnostics] Per-dimension stats (across clients):
    mean:  [ 0.185 11.614 85.895  0.182  0.183] ...
    std:   [ 0.195 12.983 12.561  0.175  0.181] ...
    range: [ 0.467 30.14  29.199  0.43   0.451] ...
  [Diagnostics] Avg inter-client std (across dims): 1.7759
  [Diagnostics] Avg intra-client std (across probes): 21.0588
  Profile diversity looks reasonable
  [Server] K = 2
    cluster 0: 12 clients [G0:2, G1:10]
    cluster 1: 8 clients [G0:8]
  [Server] Matched and inherited 2 group models after re-clustering
  [Clustered] Round 15/50 done (selected 10 clients)
  [Eval:R15] K=2 | ACC=0.9785 | Precision=0.9815 | Recall=0.9948 | F1=0.9881 | GlobalMacroF1=0.9384 | ClientAvgMacroF1=0.7044 | ARI=0.6208 | NMI=0.6190 | Purity=0.9000

  [Server] Re-clustering at round 16 ...
  [Server] Profiling base: ema_global anchor model
  [Server] Full profiling for 20 clients (probe_seed=9157) ...
    profiled 20/20

  [Diagnostics] Profile matrix shape: (20, 16)
  [Diagnostics] Per-dimension stats (across clients):
    mean:  [ 0.172 11.593 85.597  0.212  0.206] ...
    std:   [ 0.184 12.959 12.52   0.233  0.223] ...
    range: [ 0.445 30.08  29.111  0.566  0.54 ] ...
  [Diagnostics] Avg inter-client std (across dims): 1.7652
  [Diagnostics] Avg intra-client std (across probes): 20.9894
  Profile diversity looks reasonable
  [Server] K = 2
    cluster 0: 12 clients [G0:2, G1:10]
    cluster 1: 8 clients [G0:8]
  [Server] Matched and inherited 2 group models after re-clustering
  [Clustered] Round 20/50 done (selected 10 clients)
  [Eval:R20] K=2 | ACC=0.9791 | Precision=0.9825 | Recall=0.9944 | F1=0.9884 | GlobalMacroF1=0.9404 | ClientAvgMacroF1=0.7038 | ARI=0.6208 | NMI=0.6190 | Purity=0.9000

  [Server] Re-clustering at round 21 ...
  [Server] Profiling base: ema_global anchor model
  [Server] Full profiling for 20 clients (probe_seed=9162) ...
    profiled 20/20

  [Diagnostics] Profile matrix shape: (20, 16)
  [Diagnostics] Per-dimension stats (across clients):
    mean:  [ 0.169 11.58  85.237  0.194  0.185] ...
    std:   [ 0.185 12.945 12.47   0.212  0.198] ...
    range: [ 0.454 30.041 29.003  0.548  0.478] ...
  [Diagnostics] Avg inter-client std (across dims): 1.7632
  [Diagnostics] Avg intra-client std (across probes): 20.9043
  Profile diversity looks reasonable
  [Server] K = 2
    cluster 0: 12 clients [G0:2, G1:10]
    cluster 1: 8 clients [G0:8]
  [Server] Matched and inherited 2 group models after re-clustering
  [Clustered] Round 25/50 done (selected 10 clients)
  [Eval:R25] K=2 | ACC=0.9808 | Precision=0.9832 | Recall=0.9957 | F1=0.9894 | GlobalMacroF1=0.9451 | ClientAvgMacroF1=0.7084 | ARI=0.6208 | NMI=0.6190 | Purity=0.9000

  [Server] Re-clustering at round 26 ...
  [Server] Profiling base: ema_global anchor model
  [Server] Full profiling for 20 clients (probe_seed=9167) ...
    profiled 20/20

  [Diagnostics] Profile matrix shape: (20, 16)
  [Diagnostics] Per-dimension stats (across clients):
    mean:  [ 0.161 11.562 84.983  0.185  0.18 ] ...
    std:   [ 0.177 12.925 12.435  0.194  0.197] ...
    range: [ 0.437 29.988 28.932  0.481  0.482] ...
  [Diagnostics] Avg inter-client std (across dims): 1.7430
  [Diagnostics] Avg intra-client std (across probes): 20.8480
  Profile diversity looks reasonable
  [Server] K = 2
    cluster 0: 12 clients [G0:2, G1:10]
    cluster 1: 8 clients [G0:8]
  [Server] Matched and inherited 2 group models after re-clustering
  [Clustered] Round 30/50 done (selected 10 clients)
  [Eval:R30] K=2 | ACC=0.9815 | Precision=0.9857 | Recall=0.9938 | F1=0.9897 | GlobalMacroF1=0.9481 | ClientAvgMacroF1=0.7111 | ARI=0.6208 | NMI=0.6190 | Purity=0.9000

  [Server] Re-clustering at round 31 ...
  [Server] Profiling base: ema_global anchor model
  [Server] Full profiling for 20 clients (probe_seed=9172) ...
    profiled 20/20

  [Diagnostics] Profile matrix shape: (20, 16)
  [Diagnostics] Per-dimension stats (across clients):
    mean:  [ 0.155 11.547 84.764  0.162  0.177] ...
    std:   [ 0.171 12.908 12.406  0.176  0.194] ...
    range: [ 0.425 29.943 28.872  0.448  0.482] ...
  [Diagnostics] Avg inter-client std (across dims): 1.7340
  [Diagnostics] Avg intra-client std (across probes): 20.7967
  Profile diversity looks reasonable
  [Server] K = 2
    cluster 0: 12 clients [G0:2, G1:10]
    cluster 1: 8 clients [G0:8]
  [Server] Matched and inherited 2 group models after re-clustering
  [Clustered] Round 35/50 done (selected 10 clients)
  [Eval:R35] K=2 | ACC=0.9810 | Precision=0.9830 | Recall=0.9961 | F1=0.9895 | GlobalMacroF1=0.9456 | ClientAvgMacroF1=0.7100 | ARI=0.6208 | NMI=0.6190 | Purity=0.9000

  [Server] Re-clustering at round 36 ...
  [Server] Profiling base: ema_global anchor model
  [Server] Full profiling for 20 clients (probe_seed=9177) ...
    profiled 20/20

  [Diagnostics] Profile matrix shape: (20, 16)
  [Diagnostics] Per-dimension stats (across clients):
    mean:  [ 0.151 11.534 84.548  0.159  0.179] ...
    std:   [ 0.168 12.894 12.376  0.17   0.197] ...
    range: [ 0.42  29.906 28.81   0.442  0.504] ...
  [Diagnostics] Avg inter-client std (across dims): 1.7258
  [Diagnostics] Avg intra-client std (across probes): 20.7468
  Profile diversity looks reasonable
  [Server] K = 2
    cluster 0: 12 clients [G0:2, G1:10]
    cluster 1: 8 clients [G0:8]
  [Server] Matched and inherited 2 group models after re-clustering
  [Clustered] Round 40/50 done (selected 10 clients)
  [Eval:R40] K=2 | ACC=0.9802 | Precision=0.9845 | Recall=0.9935 | F1=0.9890 | GlobalMacroF1=0.9443 | ClientAvgMacroF1=0.7103 | ARI=0.6208 | NMI=0.6190 | Purity=0.9000

  [Server] Re-clustering at round 41 ...
  [Server] Profiling base: ema_global anchor model
  [Server] Full profiling for 20 clients (probe_seed=9182) ...
    profiled 20/20

  [Diagnostics] Profile matrix shape: (20, 16)
  [Diagnostics] Per-dimension stats (across clients):
    mean:  [ 0.145 11.52  84.39   0.168  0.153] ...
    std:   [ 0.161 12.879 12.355  0.186  0.166] ...
    range: [ 0.407 29.867 28.769  0.48   0.416] ...
  [Diagnostics] Avg inter-client std (across dims): 1.7291
  [Diagnostics] Avg intra-client std (across probes): 20.7077
  Profile diversity looks reasonable
  [Server] K = 2
    cluster 0: 12 clients [G0:2, G1:10]
    cluster 1: 8 clients [G0:8]
  [Server] Matched and inherited 2 group models after re-clustering
  [Clustered] Round 45/50 done (selected 10 clients)
  [Eval:R45] K=2 | ACC=0.9829 | Precision=0.9850 | Recall=0.9961 | F1=0.9905 | GlobalMacroF1=0.9514 | ClientAvgMacroF1=0.7138 | ARI=0.6208 | NMI=0.6190 | Purity=0.9000

  [Server] Re-clustering at round 46 ...
  [Server] Profiling base: ema_global anchor model
  [Server] Full profiling for 20 clients (probe_seed=9187) ...
    profiled 20/20

  [Diagnostics] Profile matrix shape: (20, 16)
  [Diagnostics] Per-dimension stats (across clients):
    mean:  [ 0.141 11.508 84.252  0.166  0.184] ...
    std:   [ 0.156 12.865 12.337  0.183  0.209] ...
    range: [ 0.396 29.833 28.734  0.451  0.531] ...
  [Diagnostics] Avg inter-client std (across dims): 1.7292
  [Diagnostics] Avg intra-client std (across probes): 20.6735
  Profile diversity looks reasonable
  [Server] K = 2
    cluster 0: 12 clients [G0:2, G1:10]
    cluster 1: 8 clients [G0:8]
  [Server] Matched and inherited 2 group models after re-clustering
  [Clustered] Round 50/50 done (selected 10 clients)
  [Eval:R50] K=2 | ACC=0.9819 | Precision=0.9855 | Recall=0.9944 | F1=0.9900 | GlobalMacroF1=0.9491 | ClientAvgMacroF1=0.7139 | ARI=0.6208 | NMI=0.6190 | Purity=0.9000

=======================================================
 Evaluation
=======================================================

=======================================================
 Final Results
=======================================================
 k_pred: 2
 acc: 0.9819
 precision: 0.9855328547763667
 recall: 0.9944283485625139
 f1: 0.9899606190027178
 tn: 895
 fp: 131
 fn: 50
 tp: 8924
 client_avg_acc: 0.9818999999999999
 micro_acc: 0.9819
 client_avg_macro_f1: 0.7139333531421649
 global_macro_f1: 0.9490645307088678
 client_avg_precision: 0.9839119720608072
 client_avg_recall: 0.9934538249113627
 client_avg_f1: 0.9886040505476199
 ari: 0.6208425720620843
 nmi: 0.6189770040174566
 purity: 0.9

Saved -> outputs/cares_nids_fixed_metric/cares_cicids2017_seed42_fixed_metric.csv
