Device: cuda

[NIDS] Dataset preprocessing summary
  dataset: unsw_nb15
  task: binary
  label_column: label
  split_source: explicit_train_test
  dropped_columns_train: ['attack_cat', 'id', 'label']
  train shape: (175341, 194)
  test shape: (82332, 194)
  label_map: {'0': 0, '1': 1}

Dataset: unsw_nb15
 input_channels/input_dim: 194
 image_size: 1
 num_classes: 2
 train size: 175341
 test size: 82332

True groups (ground-truth for evaluation only):
 G0: [1, 0]
 G1: [1, 0]
 requested num_true_clusters: 2
 actual_true_clusters: 2

Client data split example (client 0):
 train: 1600 samples
 val: 400 samples
 test: 500 samples

Created 20 FL clients

=======================================================
 Phase 0: Initialization
=======================================================
  Global model initialized
  Total rounds: 50
  Warm-up rounds: 5
  Cluster interval tau: 5
  Probe pool M: 16, sigma: 0.05
  Probes: 1 original + 2 class-ablation + 13 random
  Probe anchor: ema_global
  Anchor EMA beta: 0.9
  Profile during training rounds: False

=======================================================
 Phase 1: Warm-up Global FedAvg
=======================================================
  [Warmup] Round 1/5 done (selected 10 clients)
  [Eval:Warmup R1] ACC=0.8714 | Precision=0.8714 | Recall=1.0000 | F1=0.9313 | GlobalMacroF1=0.4656
  [Warmup] Round 2/5 done (selected 10 clients)
  [Eval:Warmup R2] ACC=0.9303 | Precision=0.9259 | Recall=1.0000 | F1=0.9615 | GlobalMacroF1=0.7949
  [Warmup] Round 3/5 done (selected 10 clients)
  [Eval:Warmup R3] ACC=0.9317 | Precision=0.9273 | Recall=1.0000 | F1=0.9623 | GlobalMacroF1=0.8004
  [Warmup] Round 4/5 done (selected 10 clients)
  [Eval:Warmup R4] ACC=0.9329 | Precision=0.9285 | Recall=1.0000 | F1=0.9629 | GlobalMacroF1=0.8050
  [Warmup] Round 5/5 done (selected 10 clients)
  [Eval:Warmup R5] ACC=0.9336 | Precision=0.9292 | Recall=1.0000 | F1=0.9633 | GlobalMacroF1=0.8076

=======================================================
 Transition: First DPMM Clustering
=======================================================
  [Server] Full profiling for 20 clients (probe_seed=9142) ...
    profiled 20/20

  [Diagnostics] Profile matrix shape: (20, 16)
  [Diagnostics] Per-dimension stats (across clients):
    mean:  [ 0.145 13.233 84.467  0.164  0.157] ...
    std:   [ 0.176 17.552 17.222  0.201  0.19 ] ...
    range: [ 0.673 70.72  69.46   0.777  0.735] ...
  [Diagnostics] Avg inter-client std (across dims): 2.3366
  [Diagnostics] Avg intra-client std (across probes): 21.1953
  Profile diversity looks reasonable
  [Server] K = 2
    cluster 0: 13 clients [G0:3, G1:10]
    cluster 1: 7 clients [G0:7]
  [Server] Initialized 2 group models from global model
  [Server] Anchor model initialized from warm-up global model

=======================================================
 Phase 2: Clustered FedAvg with Dynamic Re-clustering
=======================================================
  [Clustered] Round 6/50 done (selected 10 clients)
  [Eval:R6] K=2 | ACC=0.9383 | Precision=0.9358 | Recall=0.9976 | F1=0.9657 | GlobalMacroF1=0.8284 | ClientAvgMacroF1=0.8997 | ARI=0.4643 | NMI=0.5102 | Purity=0.8500
  [Clustered] Round 10/50 done (selected 10 clients)
  [Eval:R10] K=2 | ACC=0.9439 | Precision=0.9409 | Recall=0.9983 | F1=0.9688 | GlobalMacroF1=0.8469 | ClientAvgMacroF1=0.9092 | ARI=0.4643 | NMI=0.5102 | Purity=0.8500

  [Server] Re-clustering at round 11 ...
  [Server] Profiling base: ema_global anchor model
  [Server] Full profiling for 20 clients (probe_seed=9152) ...
    profiled 20/20

  [Diagnostics] Profile matrix shape: (20, 16)
  [Diagnostics] Per-dimension stats (across clients):
    mean:  [ 0.135 13.2   84.436  0.156  0.14 ] ...
    std:   [ 0.164 17.506 17.216  0.19   0.163] ...
    range: [ 0.623 70.532 69.437  0.732  0.627] ...
  [Diagnostics] Avg inter-client std (across dims): 2.3292
  [Diagnostics] Avg intra-client std (across probes): 21.1861
  Profile diversity looks reasonable
  [Server] K = 2
    cluster 0: 13 clients [G0:3, G1:10]
    cluster 1: 7 clients [G0:7]
  [Server] Matched and inherited 2 group models after re-clustering
  [Clustered] Round 15/50 done (selected 10 clients)
  [Eval:R15] K=2 | ACC=0.9442 | Precision=0.9415 | Recall=0.9979 | F1=0.9689 | GlobalMacroF1=0.8484 | ClientAvgMacroF1=0.9097 | ARI=0.4643 | NMI=0.5102 | Purity=0.8500

  [Server] Re-clustering at round 16 ...
  [Server] Profiling base: ema_global anchor model
  [Server] Full profiling for 20 clients (probe_seed=9157) ...
    profiled 20/20

  [Diagnostics] Profile matrix shape: (20, 16)
  [Diagnostics] Per-dimension stats (across clients):
    mean:  [ 0.127 13.154 84.301  0.15   0.142] ...
    std:   [ 0.155 17.443 17.189  0.183  0.169] ...
    range: [ 0.588 70.268 69.332  0.702  0.647] ...
  [Diagnostics] Avg inter-client std (across dims): 2.3175
  [Diagnostics] Avg intra-client std (across probes): 21.1513
  Profile diversity looks reasonable
  [Server] K = 2
    cluster 0: 13 clients [G0:3, G1:10]
    cluster 1: 7 clients [G0:7]
  [Server] Matched and inherited 2 group models after re-clustering
  [Clustered] Round 20/50 done (selected 10 clients)
  [Eval:R20] K=2 | ACC=0.9463 | Precision=0.9472 | Recall=0.9938 | F1=0.9699 | GlobalMacroF1=0.8597 | ClientAvgMacroF1=0.9145 | ARI=0.4643 | NMI=0.5102 | Purity=0.8500

  [Server] Re-clustering at round 21 ...
  [Server] Profiling base: ema_global anchor model
  [Server] Full profiling for 20 clients (probe_seed=9162) ...
    profiled 20/20

  [Diagnostics] Profile matrix shape: (20, 16)
  [Diagnostics] Per-dimension stats (across clients):
    mean:  [ 0.119 13.108 84.19   0.134  0.157] ...
    std:   [ 0.145 17.38  17.166  0.159  0.195] ...
    range: [ 0.547 70.01  69.251  0.604  0.739] ...
  [Diagnostics] Avg inter-client std (across dims): 2.2969
  [Diagnostics] Avg intra-client std (across probes): 21.1235
  Profile diversity looks reasonable
  [Server] K = 2
    cluster 0: 13 clients [G0:3, G1:10]
    cluster 1: 7 clients [G0:7]
  [Server] Matched and inherited 2 group models after re-clustering
  [Clustered] Round 25/50 done (selected 10 clients)
  [Eval:R25] K=2 | ACC=0.9498 | Precision=0.9573 | Recall=0.9863 | F1=0.9716 | GlobalMacroF1=0.8771 | ClientAvgMacroF1=0.9216 | ARI=0.4643 | NMI=0.5102 | Purity=0.8500

  [Server] Re-clustering at round 26 ...
  [Server] Profiling base: ema_global anchor model
  [Server] Full profiling for 20 clients (probe_seed=9167) ...
    profiled 20/20

  [Diagnostics] Profile matrix shape: (20, 16)
  [Diagnostics] Per-dimension stats (across clients):
    mean:  [ 0.113 13.07  84.087  0.119  0.114] ...
    std:   [ 0.137 17.329 17.146  0.14   0.131] ...
    range: [ 0.516 69.796 69.175  0.532  0.496] ...
  [Diagnostics] Avg inter-client std (across dims): 2.2737
  [Diagnostics] Avg intra-client std (across probes): 21.0997
  Profile diversity looks reasonable
  [Server] K = 2
    cluster 0: 13 clients [G0:3, G1:10]
    cluster 1: 7 clients [G0:7]
  [Server] Matched and inherited 2 group models after re-clustering
  [Clustered] Round 30/50 done (selected 10 clients)
  [Eval:R30] K=2 | ACC=0.9469 | Precision=0.9487 | Recall=0.9928 | F1=0.9702 | GlobalMacroF1=0.8626 | ClientAvgMacroF1=0.9158 | ARI=0.4643 | NMI=0.5102 | Purity=0.8500

  [Server] Re-clustering at round 31 ...
  [Server] Profiling base: ema_global anchor model
  [Server] Full profiling for 20 clients (probe_seed=9172) ...
    profiled 20/20

  [Diagnostics] Profile matrix shape: (20, 16)
  [Diagnostics] Per-dimension stats (across clients):
    mean:  [ 0.11  13.042 83.991  0.122  0.118] ...
    std:   [ 0.132 17.29  17.126  0.141  0.136] ...
    range: [ 0.496 69.635 69.103  0.539  0.522] ...
  [Diagnostics] Avg inter-client std (across dims): 2.2770
  [Diagnostics] Avg intra-client std (across probes): 21.0729
  Profile diversity looks reasonable
  [Server] K = 2
    cluster 0: 13 clients [G0:3, G1:10]
    cluster 1: 7 clients [G0:7]
  [Server] Matched and inherited 2 group models after re-clustering
  [Clustered] Round 35/50 done (selected 10 clients)
  [Eval:R35] K=2 | ACC=0.9462 | Precision=0.9466 | Recall=0.9944 | F1=0.9699 | GlobalMacroF1=0.8588 | ClientAvgMacroF1=0.9153 | ARI=0.4643 | NMI=0.5102 | Purity=0.8500

  [Server] Re-clustering at round 36 ...
  [Server] Profiling base: ema_global anchor model
  [Server] Full profiling for 20 clients (probe_seed=9177) ...
    profiled 20/20

  [Diagnostics] Profile matrix shape: (20, 16)
  [Diagnostics] Per-dimension stats (across clients):
    mean:  [ 0.106 13.017 83.92   0.118  0.122] ...
    std:   [ 0.128 17.256 17.112  0.143  0.138] ...
    range: [ 0.478 69.496 69.05   0.543  0.523] ...
  [Diagnostics] Avg inter-client std (across dims): 2.2744
  [Diagnostics] Avg intra-client std (across probes): 21.0535
  Profile diversity looks reasonable
  [Server] K = 2
    cluster 0: 13 clients [G0:3, G1:10]
    cluster 1: 7 clients [G0:7]
  [Server] Matched and inherited 2 group models after re-clustering
  [Clustered] Round 40/50 done (selected 10 clients)
  [Eval:R40] K=2 | ACC=0.9472 | Precision=0.9481 | Recall=0.9938 | F1=0.9704 | GlobalMacroF1=0.8625 | ClientAvgMacroF1=0.9159 | ARI=0.4643 | NMI=0.5102 | Purity=0.8500

  [Server] Re-clustering at round 41 ...
  [Server] Profiling base: ema_global anchor model
  [Server] Full profiling for 20 clients (probe_seed=9182) ...
    profiled 20/20

  [Diagnostics] Profile matrix shape: (20, 16)
  [Diagnostics] Per-dimension stats (across clients):
    mean:  [ 0.107 13.002 83.826  0.119  0.129] ...
    std:   [ 0.129 17.235 17.092  0.141  0.161] ...
    range: [ 0.484 69.408 68.977  0.526  0.616] ...
  [Diagnostics] Avg inter-client std (across dims): 2.2740
  [Diagnostics] Avg intra-client std (across probes): 21.0296
  Profile diversity looks reasonable
  [Server] K = 2
    cluster 0: 13 clients [G0:3, G1:10]
    cluster 1: 7 clients [G0:7]
  [Server] Matched and inherited 2 group models after re-clustering
  [Clustered] Round 45/50 done (selected 10 clients)
  [Eval:R45] K=2 | ACC=0.9459 | Precision=0.9459 | Recall=0.9948 | F1=0.9697 | GlobalMacroF1=0.8573 | ClientAvgMacroF1=0.9144 | ARI=0.4643 | NMI=0.5102 | Purity=0.8500

  [Server] Re-clustering at round 46 ...
  [Server] Profiling base: ema_global anchor model
  [Server] Full profiling for 20 clients (probe_seed=9187) ...
    profiled 20/20

  [Diagnostics] Profile matrix shape: (20, 16)
  [Diagnostics] Per-dimension stats (across clients):
    mean:  [ 0.107 12.988 83.738  0.128  0.13 ] ...
    std:   [ 0.13  17.216 17.074  0.155  0.163] ...
    range: [ 0.487 69.329 68.907  0.591  0.617] ...
  [Diagnostics] Avg inter-client std (across dims): 2.2752
  [Diagnostics] Avg intra-client std (across probes): 21.0070
  Profile diversity looks reasonable
  [Server] K = 2
    cluster 0: 13 clients [G0:3, G1:10]
    cluster 1: 7 clients [G0:7]
  [Server] Matched and inherited 2 group models after re-clustering
  [Clustered] Round 50/50 done (selected 10 clients)
  [Eval:R50] K=2 | ACC=0.9466 | Precision=0.9457 | Recall=0.9959 | F1=0.9702 | GlobalMacroF1=0.8585 | ClientAvgMacroF1=0.9158 | ARI=0.4643 | NMI=0.5102 | Purity=0.8500

=======================================================
 Evaluation
=======================================================

=======================================================
 Final Results
=======================================================
 k_pred: 2
 acc: 0.9466
 precision: 0.9457279860505667
 recall: 0.995868717007115
 f1: 0.9701509223029625
 tn: 788
 fp: 498
 fn: 36
 tp: 8678
 client_avg_acc: 0.9465999999999999
 micro_acc: 0.9466
 client_avg_macro_f1: 0.9157812106061487
 global_macro_f1: 0.8585351767912917
 client_avg_precision: 0.9333181663746372
 client_avg_recall: 0.9948588569327036
 client_avg_f1: 0.9595410342310833
 ari: 0.46434494195688225
 nmi: 0.5102432713148234
 purity: 0.85

Saved -> outputs/paper_unsw_binary/cares_seed42.csv
