Device: cuda

[NIDS] Dataset preprocessing summary
  dataset: unsw_nb15
  task: binary
  label_column: label
  split_source: explicit_train_test
  dropped_columns_train: ['attack_cat', 'id', 'label']
  train shape: (175341, 194)
  test shape: (82332, 194)
  label_map: {'0': 0, '1': 1}

Dataset: unsw_nb15
 input_channels/input_dim: 194
 image_size: 1
 num_classes: 2
 train size: 175341
 test size: 82332

True groups (ground-truth for evaluation only):
 G0: [1, 0]
 G1: [1, 0]
 requested num_true_clusters: 2
 actual_true_clusters: 2

Client data split example (client 0):
 train: 1600 samples
 val: 400 samples
 test: 500 samples

Created 20 FL clients

=======================================================
 Phase 0: Initialization
=======================================================
  Global model initialized
  Total rounds: 50
  Warm-up rounds: 50
  Cluster interval tau: 999999
  Probe pool M: 16, sigma: 0.05
  Probes: 1 original + 2 class-ablation + 13 random
  Probe anchor: ema_global
  Anchor EMA beta: 0.9
  Profile during training rounds: False

=======================================================
 Phase 1: Warm-up Global FedAvg
=======================================================
  [Warmup] Round 1/50 done (selected 10 clients)
  [Eval:Warmup R1] ACC=0.8714 | Precision=0.8714 | Recall=1.0000 | F1=0.9313 | GlobalMacroF1=0.4656
  [Warmup] Round 2/50 done (selected 10 clients)
  [Eval:Warmup R2] ACC=0.9303 | Precision=0.9259 | Recall=1.0000 | F1=0.9615 | GlobalMacroF1=0.7949
  [Warmup] Round 3/50 done (selected 10 clients)
  [Eval:Warmup R3] ACC=0.9317 | Precision=0.9273 | Recall=1.0000 | F1=0.9623 | GlobalMacroF1=0.8004
  [Warmup] Round 4/50 done (selected 10 clients)
  [Eval:Warmup R4] ACC=0.9329 | Precision=0.9285 | Recall=1.0000 | F1=0.9629 | GlobalMacroF1=0.8050
  [Warmup] Round 5/50 done (selected 10 clients)
  [Eval:Warmup R5] ACC=0.9336 | Precision=0.9292 | Recall=1.0000 | F1=0.9633 | GlobalMacroF1=0.8076
  [Warmup] Round 6/50 done (selected 10 clients)
  [Eval:Warmup R6] ACC=0.9340 | Precision=0.9296 | Recall=1.0000 | F1=0.9635 | GlobalMacroF1=0.8092
  [Warmup] Round 7/50 done (selected 10 clients)
  [Eval:Warmup R7] ACC=0.9335 | Precision=0.9291 | Recall=1.0000 | F1=0.9632 | GlobalMacroF1=0.8073
  [Warmup] Round 8/50 done (selected 10 clients)
  [Eval:Warmup R8] ACC=0.9340 | Precision=0.9296 | Recall=1.0000 | F1=0.9635 | GlobalMacroF1=0.8092
  [Warmup] Round 9/50 done (selected 10 clients)
  [Eval:Warmup R9] ACC=0.9367 | Precision=0.9324 | Recall=0.9999 | F1=0.9649 | GlobalMacroF1=0.8194
  [Warmup] Round 10/50 done (selected 10 clients)
  [Eval:Warmup R10] ACC=0.9379 | Precision=0.9335 | Recall=1.0000 | F1=0.9656 | GlobalMacroF1=0.8236
  [Warmup] Round 11/50 done (selected 10 clients)
  [Eval:Warmup R11] ACC=0.9376 | Precision=0.9332 | Recall=1.0000 | F1=0.9654 | GlobalMacroF1=0.8226
  [Warmup] Round 12/50 done (selected 10 clients)
  [Eval:Warmup R12] ACC=0.9375 | Precision=0.9331 | Recall=1.0000 | F1=0.9654 | GlobalMacroF1=0.8222
  [Warmup] Round 13/50 done (selected 10 clients)
  [Eval:Warmup R13] ACC=0.9403 | Precision=0.9360 | Recall=0.9999 | F1=0.9669 | GlobalMacroF1=0.8325
  [Warmup] Round 14/50 done (selected 10 clients)
  [Eval:Warmup R14] ACC=0.9385 | Precision=0.9341 | Recall=1.0000 | F1=0.9659 | GlobalMacroF1=0.8258
  [Warmup] Round 15/50 done (selected 10 clients)
  [Eval:Warmup R15] ACC=0.9417 | Precision=0.9374 | Recall=0.9999 | F1=0.9676 | GlobalMacroF1=0.8374
  [Warmup] Round 16/50 done (selected 10 clients)
  [Eval:Warmup R16] ACC=0.9407 | Precision=0.9363 | Recall=1.0000 | F1=0.9671 | GlobalMacroF1=0.8337
  [Warmup] Round 17/50 done (selected 10 clients)
  [Eval:Warmup R17] ACC=0.9387 | Precision=0.9343 | Recall=1.0000 | F1=0.9660 | GlobalMacroF1=0.8266
  [Warmup] Round 18/50 done (selected 10 clients)
  [Eval:Warmup R18] ACC=0.9415 | Precision=0.9372 | Recall=0.9999 | F1=0.9675 | GlobalMacroF1=0.8367
  [Warmup] Round 19/50 done (selected 10 clients)
  [Eval:Warmup R19] ACC=0.9444 | Precision=0.9405 | Recall=0.9994 | F1=0.9691 | GlobalMacroF1=0.8473
  [Warmup] Round 20/50 done (selected 10 clients)
  [Eval:Warmup R20] ACC=0.9391 | Precision=0.9347 | Recall=1.0000 | F1=0.9662 | GlobalMacroF1=0.8280
  [Warmup] Round 21/50 done (selected 10 clients)
  [Eval:Warmup R21] ACC=0.9420 | Precision=0.9376 | Recall=1.0000 | F1=0.9678 | GlobalMacroF1=0.8383
  [Warmup] Round 22/50 done (selected 10 clients)
  [Eval:Warmup R22] ACC=0.9443 | Precision=0.9402 | Recall=0.9997 | F1=0.9690 | GlobalMacroF1=0.8467
  [Warmup] Round 23/50 done (selected 10 clients)
  [Eval:Warmup R23] ACC=0.9387 | Precision=0.9343 | Recall=1.0000 | F1=0.9660 | GlobalMacroF1=0.8266
  [Warmup] Round 24/50 done (selected 10 clients)
  [Eval:Warmup R24] ACC=0.9441 | Precision=0.9411 | Recall=0.9983 | F1=0.9689 | GlobalMacroF1=0.8476
  [Warmup] Round 25/50 done (selected 10 clients)
  [Eval:Warmup R25] ACC=0.9423 | Precision=0.9379 | Recall=1.0000 | F1=0.9680 | GlobalMacroF1=0.8394
  [Warmup] Round 26/50 done (selected 10 clients)
  [Eval:Warmup R26] ACC=0.9442 | Precision=0.9399 | Recall=0.9999 | F1=0.9690 | GlobalMacroF1=0.8461
  [Warmup] Round 27/50 done (selected 10 clients)
  [Eval:Warmup R27] ACC=0.9410 | Precision=0.9366 | Recall=1.0000 | F1=0.9673 | GlobalMacroF1=0.8348
  [Warmup] Round 28/50 done (selected 10 clients)
  [Eval:Warmup R28] ACC=0.9444 | Precision=0.9404 | Recall=0.9995 | F1=0.9691 | GlobalMacroF1=0.8472
  [Warmup] Round 29/50 done (selected 10 clients)
  [Eval:Warmup R29] ACC=0.9401 | Precision=0.9357 | Recall=1.0000 | F1=0.9668 | GlobalMacroF1=0.8316
  [Warmup] Round 30/50 done (selected 10 clients)
  [Eval:Warmup R30] ACC=0.9446 | Precision=0.9403 | Recall=0.9999 | F1=0.9692 | GlobalMacroF1=0.8475
  [Warmup] Round 31/50 done (selected 10 clients)
  [Eval:Warmup R31] ACC=0.9446 | Precision=0.9404 | Recall=0.9998 | F1=0.9692 | GlobalMacroF1=0.8476
  [Warmup] Round 32/50 done (selected 10 clients)
  [Eval:Warmup R32] ACC=0.9428 | Precision=0.9384 | Recall=1.0000 | F1=0.9682 | GlobalMacroF1=0.8411
  [Warmup] Round 33/50 done (selected 10 clients)
  [Eval:Warmup R33] ACC=0.9446 | Precision=0.9403 | Recall=0.9999 | F1=0.9692 | GlobalMacroF1=0.8475
  [Warmup] Round 34/50 done (selected 10 clients)
  [Eval:Warmup R34] ACC=0.9446 | Precision=0.9403 | Recall=0.9999 | F1=0.9692 | GlobalMacroF1=0.8475
  [Warmup] Round 35/50 done (selected 10 clients)
  [Eval:Warmup R35] ACC=0.9446 | Precision=0.9403 | Recall=0.9999 | F1=0.9692 | GlobalMacroF1=0.8475
  [Warmup] Round 36/50 done (selected 10 clients)
  [Eval:Warmup R36] ACC=0.9440 | Precision=0.9396 | Recall=1.0000 | F1=0.9689 | GlobalMacroF1=0.8453
  [Warmup] Round 37/50 done (selected 10 clients)
  [Eval:Warmup R37] ACC=0.9446 | Precision=0.9403 | Recall=0.9999 | F1=0.9692 | GlobalMacroF1=0.8475
  [Warmup] Round 38/50 done (selected 10 clients)
  [Eval:Warmup R38] ACC=0.9437 | Precision=0.9393 | Recall=1.0000 | F1=0.9687 | GlobalMacroF1=0.8442
  [Warmup] Round 39/50 done (selected 10 clients)
  [Eval:Warmup R39] ACC=0.9443 | Precision=0.9400 | Recall=0.9999 | F1=0.9690 | GlobalMacroF1=0.8464
  [Warmup] Round 40/50 done (selected 10 clients)
  [Eval:Warmup R40] ACC=0.9419 | Precision=0.9375 | Recall=1.0000 | F1=0.9677 | GlobalMacroF1=0.8380
  [Warmup] Round 41/50 done (selected 10 clients)
  [Eval:Warmup R41] ACC=0.9441 | Precision=0.9404 | Recall=0.9992 | F1=0.9689 | GlobalMacroF1=0.8466
  [Warmup] Round 42/50 done (selected 10 clients)
  [Eval:Warmup R42] ACC=0.9443 | Precision=0.9401 | Recall=0.9998 | F1=0.9690 | GlobalMacroF1=0.8466
  [Warmup] Round 43/50 done (selected 10 clients)
  [Eval:Warmup R43] ACC=0.9443 | Precision=0.9404 | Recall=0.9994 | F1=0.9690 | GlobalMacroF1=0.8470
  [Warmup] Round 44/50 done (selected 10 clients)
  [Eval:Warmup R44] ACC=0.9428 | Precision=0.9384 | Recall=1.0000 | F1=0.9682 | GlobalMacroF1=0.8411
  [Warmup] Round 45/50 done (selected 10 clients)
  [Eval:Warmup R45] ACC=0.9436 | Precision=0.9407 | Recall=0.9982 | F1=0.9686 | GlobalMacroF1=0.8461
  [Warmup] Round 46/50 done (selected 10 clients)
  [Eval:Warmup R46] ACC=0.9431 | Precision=0.9388 | Recall=0.9999 | F1=0.9684 | GlobalMacroF1=0.8423
  [Warmup] Round 47/50 done (selected 10 clients)
  [Eval:Warmup R47] ACC=0.9442 | Precision=0.9403 | Recall=0.9994 | F1=0.9690 | GlobalMacroF1=0.8466
  [Warmup] Round 48/50 done (selected 10 clients)
  [Eval:Warmup R48] ACC=0.9436 | Precision=0.9402 | Recall=0.9989 | F1=0.9686 | GlobalMacroF1=0.8453
  [Warmup] Round 49/50 done (selected 10 clients)
  [Eval:Warmup R49] ACC=0.9443 | Precision=0.9401 | Recall=0.9998 | F1=0.9690 | GlobalMacroF1=0.8466
  [Warmup] Round 50/50 done (selected 10 clients)
  [Eval:Warmup R50] ACC=0.9441 | Precision=0.9399 | Recall=0.9998 | F1=0.9689 | GlobalMacroF1=0.8459

=======================================================
 Transition: First DPMM Clustering
=======================================================
  [Server] Full profiling for 20 clients (probe_seed=9142) ...
    profiled 20/20

  [Diagnostics] Profile matrix shape: (20, 16)
  [Diagnostics] Per-dimension stats (across clients):
    mean:  [ 0.096 12.938 83.465  0.116  0.105] ...
    std:   [ 0.113 17.147 17.02   0.14   0.121] ...
    range: [ 0.422 69.052 68.719  0.531  0.459] ...
  [Diagnostics] Avg inter-client std (across dims): 2.2518
  [Diagnostics] Avg intra-client std (across probes): 20.9407
  Profile diversity looks reasonable
  [Server] K = 2
    cluster 0: 13 clients [G0:3, G1:10]
    cluster 1: 7 clients [G0:7]
  [Server] Initialized 2 group models from global model
  [Server] Anchor model initialized from warm-up global model

=======================================================
 Phase 2: Clustered FedAvg with Dynamic Re-clustering
=======================================================

=======================================================
 Evaluation
=======================================================

=======================================================
 Final Results
=======================================================
 k_pred: 2
 acc: 0.9441
 precision: 0.9399072176070774
 recall: 0.999770484278173
 f1: 0.9689150864705556
 tn: 729
 fp: 557
 fn: 2
 tp: 8712
 client_avg_acc: 0.9441
 micro_acc: 0.9441
 client_avg_macro_f1: 0.8867123940806045
 global_macro_f1: 0.8458854063983914
 client_avg_precision: 0.9281063622603064
 client_avg_recall: 0.9997677248677249
 client_avg_f1: 0.9582051520793285
 ari: 0.46434494195688225
 nmi: 0.5102432713148234
 purity: 0.85

Saved -> outputs/baselines_unsw_binary/fedavg_seed42.csv
